     1                                  bits 32 ; assembling for the 32 bits architecture
     2                                  
     3                                  ; declare the EntryPoint (a label defining the very first instruction of the program)
     4                                  global start        
     5                                  
     6                                  ; declare external functions needed by our program
     7                                  extern exit               ; tell nasm that exit exists even if we won't be defining it
     8                                  import exit msvcrt.dll    ; exit is a function that ends the calling process. It is defined in msvcrt.dll
     9                                                            ; msvcrt.dll contains exit, printf and all the other important C-runtime specific functions
    10                                  
    11                                  ; our data is declared here (the variables needed by our program)
    12                                  segment data use32 class=data
    13                                      ; ...
    14 00000000 04                          a db 4
    15 00000001 02                          b db 2
    16 00000002 02                          c db 2
    17 00000003 02                          d db 2
    18                                  ; our code starts here
    19                                  segment code use32 class=code
    20                                      start:
    21                                          ; ...
    22 00000000 A0[00000000]                    mov AL, [a]
    23 00000005 2A05[03000000]                  sub AL, [d]
    24 0000000B 8A3D[01000000]                  mov BH, [b]
    25 00000011 00F8                            add AL, BH
    26 00000013 B602                            mov DH, 2
    27 00000015 F6E6                            mul DH
    28 00000017 8A0D[02000000]                  mov CL, [c]
    29 0000001D F6F1                            div CL
    30                                          ; exit(0)
    31 0000001F 6A00                            push    dword 0      ; push the parameter for exit onto the stack
    32 00000021 FF15[00000000]                  call    [exit]       ; call exit to terminate the program
